https://youtu.be/NUBQiD9kEiI
https://play.google.com/store/apps/details?id=com.nextinitacademy.GoldenRewardsCash
956847